
> @pulsar-framework/transformer@1.0.0-alpha.6 test C:\Users\Piana Tadeo\source\repos\visual-schema-builder\packages\pulsar-transformer
> vitest run


[1m[7m[36m RUN [39m[27m[22m [36mv2.1.9 [39m[90mC:/Users/Piana Tadeo/source/repos/visual-schema-builder/packages/pulsar-transformer[39m

 [32mÔ£ô[39m src/emitter/__tests__/emitter.test.ts [2m([22m[2m25 tests[22m[2m)[22m[90m 20[2mms[22m[39m
 [32mÔ£ô[39m src/parser/prototype/__tests__/parse-variable-declaration.test.ts [2m([22m[2m23 tests[22m[2m)[22m[90m 37[2mms[22m[39m
 [32mÔ£ô[39m src/__tests__/full-pipeline-e2e.test.ts [2m([22m[2m20 tests[22m[2m)[22m[90m 36[2mms[22m[39m
 [32mÔ£ô[39m src/parser/__tests__/parse-function-declaration.test.ts [2m([22m[2m25 tests[22m[2m)[22m[90m 42[2mms[22m[39m
 [32mÔ£ô[39m src/parser/__tests__/parse-class-declaration.test.ts [2m([22m[2m36 tests[22m[2m)[22m[90m 58[2mms[22m[39m
 [32mÔ£ô[39m src/parser/__tests__/parse-import-declaration.test.ts [2m([22m[2m30 tests[22m[2m)[22m[90m 56[2mms[22m[39m
 [31mÔØ»[39m src/parser/prototype/__tests__/parse-type-alias.test.ts [2m([22m[2m29 tests[22m[2m | [22m[31m18 failed[39m[2m)[22m[90m 107[2mms[22m[39m
[31m   [31m├ù[31m parseTypeAlias[2m > [22mLiteral Types[2m > [22mshould parse string literal type[90m 30[2mms[22m[31m[39m
[31m     ÔåÆ expected 'active' to be '\'active\'' // Object.is equality[39m
[31m   [31m├ù[31m parseTypeAlias[2m > [22mUnion Types[2m > [22mshould parse simple union type[90m 5[2mms[22m[31m[39m
[31m     ÔåÆ expected 'idle | loading | success | error' to contain '\'idle\''[39m
[31m   [31m├ù[31m parseTypeAlias[2m > [22mUnion Types[2m > [22mshould parse object union type[90m 11[2mms[22m[31m[39m
[31m     ÔåÆ expected '{ success : true ; data : string } | ÔÇª' to contain 'success: true'[39m
[31m   [31m├ù[31m parseTypeAlias[2m > [22mObject Types[2m > [22mshould parse simple object type[90m 2[2mms[22m[31m[39m
[31m     ÔåÆ expected '{ name : string ; age : number }' to contain 'name: string'[39m
[31m   [31m├ù[31m parseTypeAlias[2m > [22mObject Types[2m > [22mshould parse object type with optional properties[90m 2[2mms[22m[31m[39m
[31m     ÔåÆ expected '{ host : string ; port ? : number }' to contain 'port?: number'[39m
[31m   [31m├ù[31m parseTypeAlias[2m > [22mObject Types[2m > [22mshould parse nested object type[90m 2[2mms[22m[31m[39m
[31m     ÔåÆ expected '{ user : { name : string ; profile : ÔÇª' to contain 'user: {'[39m
[31m   [31m├ù[31m parseTypeAlias[2m > [22mArray Types[2m > [22mshould parse array type with brackets[90m 2[2mms[22m[31m[39m
[31m     ÔåÆ expected 'string [ ]' to be 'string[]' // Object.is equality[39m
[31m   [31m├ù[31m parseTypeAlias[2m > [22mArray Types[2m > [22mshould parse array type with Array<T>[90m 2[2mms[22m[31m[39m
[31m     ÔåÆ expected 'Array < string >' to be 'Array<string>' // Object.is equality[39m
[31m   [31m├ù[31m parseTypeAlias[2m > [22mArray Types[2m > [22mshould parse multi-dimensional array[90m 2[2mms[22m[31m[39m
[31m     ÔåÆ expected 'number [ ] [ ]' to be 'number[][]' // Object.is equality[39m
[31m   [31m├ù[31m parseTypeAlias[2m > [22mGeneric Types[2m > [22mshould parse multiple generic parameters[90m 2[2mms[22m[31m[39m
[31m     ÔåÆ expected '{ value : T } | { error : E }' to contain 'value: T'[39m
[31m   [31m├ù[31m parseTypeAlias[2m > [22mFunction Types[2m > [22mshould parse simple function type[90m 3[2mms[22m[31m[39m
[31m     ÔåÆ expected '( ) => void' to be '() => void' // Object.is equality[39m
[31m   [31m├ù[31m parseTypeAlias[2m > [22mFunction Types[2m > [22mshould parse function type with parameters[90m 10[2mms[22m[31m[39m
[31m     ÔåÆ expected '( a : number , b : number ) => number' to be '(a: number, b: number) => number' // Object.is equality[39m
[31m   [31m├ù[31m parseTypeAlias[2m > [22mFunction Types[2m > [22mshould parse generic function type[90m 3[2mms[22m[31m[39m
[31m     ÔåÆ expected '( input : T ) => U' to be '(input: T) => U' // Object.is equality[39m
[31m   [31m├ù[31m parseTypeAlias[2m > [22mUtility Types[2m > [22mshould parse Partial utility type[90m 2[2mms[22m[31m[39m
[31m     ÔåÆ expected 'Partial < User >' to be 'Partial<User>' // Object.is equality[39m
[31m   [31m├ù[31m parseTypeAlias[2m > [22mUtility Types[2m > [22mshould parse Pick utility type[90m 2[2mms[22m[31m[39m
[31m     ÔåÆ expected 'Pick < User , name | email >' to contain 'Pick<User'[39m
[31m   [31m├ù[31m parseTypeAlias[2m > [22mUtility Types[2m > [22mshould parse Record utility type[90m 2[2mms[22m[31m[39m
[31m     ÔåÆ expected 'Record < string , string >' to be 'Record<string, string>' // Object.is equality[39m
[31m   [31m├ù[31m parseTypeAlias[2m > [22mComplex Types[2m > [22mshould parse mapped type[90m 2[2mms[22m[31m[39m
[31m     ÔåÆ expected '{ readonly [ P in keyof T ] : T [ P ]ÔÇª' to contain '[P in keyof T]'[39m
[31m   [31m├ù[31m parseTypeAlias[2m > [22mComplex Types[2m > [22mshould parse tuple type[90m 1[2mms[22m[31m[39m
[31m     ÔåÆ expected '[ number , number ]' to be '[number, number]' // Object.is equality[39m
 [31mÔØ»[39m src/analyzer/__tests__/import-analysis.test.ts [2m([22m[2m15 tests[22m[2m | [22m[31m1 failed[39m[2m)[22m[90m 75[2mms[22m[39m
[31m   [31m├ù[31m Import Analysis[2m > [22mImport IR Generation[2m > [22mshould preserve import metadata[90m 19[2mms[22m[31m[39m
[31m     ÔåÆ expected undefined to be 1 // Object.is equality[39m
 [32mÔ£ô[39m src/transformer/transform/__tests__/transform-strategies.test.ts [2m([22m[2m19 tests[22m[2m)[22m[90m 45[2mms[22m[39m
 [32mÔ£ô[39m src/parser/prototype/__tests__/parse-interface-declaration.test.ts [2m([22m[2m16 tests[22m[2m)[22m[90m 30[2mms[22m[39m
 [32mÔ£ô[39m src/parser/__tests__/import-integration.test.ts [2m([22m[2m12 tests[22m[2m)[22m[90m 38[2mms[22m[39m
 [32mÔ£ô[39m src/parser/lexer/__tests__/lexer.test.ts [2m([22m[2m15 tests[22m[2m)[22m[90m 33[2mms[22m[39m
 [32mÔ£ô[39m src/parser/__tests__/component-parsing-e2e.test.ts [2m([22m[2m13 tests[22m[2m)[22m[90m 39[2mms[22m[39m
 [31mÔØ»[39m src/emitter/prototype/__tests__/emit-import.test.ts [2m([22m[2m9 tests[22m[2m | [22m[31m1 failed[39m[2m)[22m[90m 37[2mms[22m[39m
[31m   [31m├ù[31m Emitter: _emitImport[2m > [22mBasic Import Emission[2m > [22mshould add side-effect import to tracker[90m 21[2mms[22m[31m[39m
[31m     ÔåÆ expected 'import {  } from \'./styles.css\';\n\n' to contain 'import \'./styles.css\';'[39m
 [32mÔ£ô[39m src/parser/__tests__/parse-jsx-fragment.test.ts [2m([22m[2m13 tests[22m[2m)[22m[90m 37[2mms[22m[39m
 [32mÔ£ô[39m src/__tests__/type-import-export-e2e.test.ts [2m([22m[2m13 tests[22m[2m)[22m[90m 32[2mms[22m[39m
[90mstdout[2m | src/pipeline/__tests__/pipeline.test.ts[2m > [22m[2mPipeline Integration[2m > [22m[2msimple component transformation[2m > [22m[2mshould transform basic component
[22m[39mDiagnostics: [
  {
    type: [32m'info'[39m,
    message: [32m'Lexer: 17 tokens generated'[39m,
    phase: [32m'lexer'[39m
  },
  {
    type: [32m'info'[39m,
    message: [32m'Parser: AST with 1 nodes'[39m,
    phase: [32m'parser'[39m
  },
  {
    type: [32m'info'[39m,
    message: [32m'Analyzer: IR generated'[39m,
    phase: [32m'analyzer'[39m
  },
  {
    type: [32m'info'[39m,
    message: [32m'Transform: IR pass-through (optimization pending)'[39m,
    phase: [32m'transform'[39m
  },
  {
    type: [32m'info'[39m,
    message: [32m'Emitter: Received IR type ComponentIR'[39m,
    phase: [32m'emitter'[39m
  },
  {
    type: [32m'info'[39m,
    message: [32m'Emitter: 8 lines generated'[39m,
    phase: [32m'emitter'[39m
  }
]
Generated code: import { t_element } from '@pulsar/runtime';
import { $REGISTRY } from '@pulsar/runtime/registry';

export function Counter(): HTMLElement {
  return $REGISTRY.execute('component:Counter', () => {
    return t_element('div', null, null);
  });
}

 [32mÔ£ô[39m src/pipeline/__tests__/pipeline.test.ts [2m([22m[2m12 tests[22m[2m)[22m[90m 94[2mms[22m[39m
 [31mÔØ»[39m src/parser/prototype/__tests__/parse-loop-statements.test.ts [2m([22m[2m16 tests[22m[2m | [22m[31m16 failed[39m[2m)[22m[90m 38[2mms[22m[39m
[31m   [31m├ù[31m Loop Statement Parsers[2m > [22m_parseForStatement[2m > [22mshould parse basic for loop[90m 15[2mms[22m[31m[39m
[31m     ÔåÆ Cannot read properties of null (reading 'type')[39m
[31m   [31m├ù[31m Loop Statement Parsers[2m > [22m_parseForStatement[2m > [22mshould parse for loop without init[90m 1[2mms[22m[31m[39m
[31m     ÔåÆ Cannot read properties of null (reading 'type')[39m
[31m   [31m├ù[31m Loop Statement Parsers[2m > [22m_parseForStatement[2m > [22mshould parse for loop without test[90m 1[2mms[22m[31m[39m
[31m     ÔåÆ Cannot read properties of null (reading 'type')[39m
[31m   [31m├ù[31m Loop Statement Parsers[2m > [22m_parseForStatement[2m > [22mshould parse for loop without update[90m 1[2mms[22m[31m[39m
[31m     ÔåÆ Cannot read properties of null (reading 'type')[39m
[31m   [31m├ù[31m Loop Statement Parsers[2m > [22m_parseForStatement[2m > [22mshould parse infinite for loop[90m 1[2mms[22m[31m[39m
[31m     ÔåÆ Cannot read properties of null (reading 'type')[39m
[31m   [31m├ù[31m Loop Statement Parsers[2m > [22m_parseWhileStatement[2m > [22mshould parse basic while loop[90m 1[2mms[22m[31m[39m
[31m     ÔåÆ Cannot read properties of null (reading 'type')[39m
[31m   [31m├ù[31m Loop Statement Parsers[2m > [22m_parseWhileStatement[2m > [22mshould parse while with complex condition[90m 1[2mms[22m[31m[39m
[31m     ÔåÆ Cannot read properties of null (reading 'type')[39m
[31m   [31m├ù[31m Loop Statement Parsers[2m > [22m_parseWhileStatement[2m > [22mshould parse nested while loops[90m 1[2mms[22m[31m[39m
[31m     ÔåÆ Cannot read properties of null (reading 'type')[39m
[31m   [31m├ù[31m Loop Statement Parsers[2m > [22m_parseDoWhileStatement[2m > [22mshould parse basic do-while loop[90m 1[2mms[22m[31m[39m
[31m     ÔåÆ Cannot read properties of null (reading 'type')[39m
[31m   [31m├ù[31m Loop Statement Parsers[2m > [22m_parseDoWhileStatement[2m > [22mshould parse do-while with complex condition[90m 1[2mms[22m[31m[39m
[31m     ÔåÆ Cannot read properties of null (reading 'type')[39m
[31m   [31m├ù[31m Loop Statement Parsers[2m > [22mloop location tracking[2m > [22mshould track for loop location[90m 1[2mms[22m[31m[39m
[31m     ÔåÆ Cannot read properties of null (reading 'type')[39m
[31m   [31m├ù[31m Loop Statement Parsers[2m > [22mloop location tracking[2m > [22mshould track while loop location[90m 1[2mms[22m[31m[39m
[31m     ÔåÆ Cannot read properties of null (reading 'type')[39m
[31m   [31m├ù[31m Loop Statement Parsers[2m > [22mloop location tracking[2m > [22mshould track do-while loop location[90m 1[2mms[22m[31m[39m
[31m     ÔåÆ Cannot read properties of null (reading 'type')[39m
[31m   [31m├ù[31m Loop Statement Parsers[2m > [22medge cases[2m > [22mshould parse for loop with empty body[90m 1[2mms[22m[31m[39m
[31m     ÔåÆ Cannot read properties of null (reading 'type')[39m
[31m   [31m├ù[31m Loop Statement Parsers[2m > [22medge cases[2m > [22mshould parse while loop with empty body[90m 1[2mms[22m[31m[39m
[31m     ÔåÆ Cannot read properties of null (reading 'type')[39m
[31m   [31m├ù[31m Loop Statement Parsers[2m > [22medge cases[2m > [22mshould parse do-while with empty body[90m 1[2mms[22m[31m[39m
[31m     ÔåÆ Cannot read properties of null (reading 'type')[39m
 [32mÔ£ô[39m src/emitter/__tests__/emit-import-aliases.test.ts [2m([22m[2m7 tests[22m[2m)[22m[90m 16[2mms[22m[39m
 [31mÔØ»[39m src/parser/prototype/__tests__/parse-export-declaration.test.ts [2m([22m[2m14 tests[22m[2m | [22m[31m1 failed[39m[2m)[22m[90m 85[2mms[22m[39m
[31m   [31m├ù[31m parseExportDeclaration[2m > [22mdefault exports[2m > [22mshould parse default export[90m 52[2mms[22m[31m[39m
[31m     ÔåÆ expected 'named' to be 'default' // Object.is equality[39m
 [32mÔ£ô[39m src/parser/prototype/__tests__/parse-enum-declaration.test.ts [2m([22m[2m11 tests[22m[2m)[22m[90m 39[2mms[22m[39m
 [32mÔ£ô[39m src/parser/prototype/__tests__/parse-namespace-declaration.test.ts [2m([22m[2m11 tests[22m[2m)[22m[90m 46[2mms[22m[39m
 [31mÔØ»[39m src/parser/prototype/__tests__/parse-yield-expression.test.ts [2m([22m[2m9 tests[22m[2m | [22m[31m9 failed[39m[2m)[22m[90m 33[2mms[22m[39m
[31m   [31m├ù[31m Yield Expression Parsing[2m > [22mbasic yield[2m > [22mshould parse yield without argument[90m 17[2mms[22m[31m[39m
[31m     ÔåÆ Cannot read properties of undefined (reading 'type')[39m
[31m   [31m├ù[31m Yield Expression Parsing[2m > [22mbasic yield[2m > [22mshould parse yield with identifier[90m 3[2mms[22m[31m[39m
[31m     ÔåÆ Cannot read properties of undefined (reading 'type')[39m
[31m   [31m├ù[31m Yield Expression Parsing[2m > [22mbasic yield[2m > [22mshould parse yield with literal[90m 2[2mms[22m[31m[39m
[31m     ÔåÆ Cannot read properties of undefined (reading 'type')[39m
[31m   [31m├ù[31m Yield Expression Parsing[2m > [22myield delegate (yield*)[2m > [22mshould parse yield* with identifier[90m 1[2mms[22m[31m[39m
[31m     ÔåÆ Cannot read properties of undefined (reading 'type')[39m
[31m   [31m├ù[31m Yield Expression Parsing[2m > [22myield delegate (yield*)[2m > [22mshould parse yield* with array[90m 1[2mms[22m[31m[39m
[31m     ÔåÆ Cannot read properties of undefined (reading 'delegate')[39m
[31m   [31m├ù[31m Yield Expression Parsing[2m > [22mlocation tracking[2m > [22mshould track yield location[90m 1[2mms[22m[31m[39m
[31m     ÔåÆ Cannot read properties of undefined (reading 'location')[39m
[31m   [31m├ù[31m Yield Expression Parsing[2m > [22mlocation tracking[2m > [22mshould track yield* location[90m 1[2mms[22m[31m[39m
[31m     ÔåÆ Cannot read properties of undefined (reading 'location')[39m
[31m   [31m├ù[31m Yield Expression Parsing[2m > [22medge cases[2m > [22mshould handle yield with semicolon[90m 1[2mms[22m[31m[39m
[31m     ÔåÆ Cannot read properties of undefined (reading 'argument')[39m
[31m   [31m├ù[31m Yield Expression Parsing[2m > [22medge cases[2m > [22mshould handle yield with string literal[90m 2[2mms[22m[31m[39m
[31m     ÔåÆ Cannot read properties of undefined (reading 'argument')[39m
 [31mÔØ»[39m src/parser/prototype/__tests__/parse-flow-control.test.ts [2m([22m[2m13 tests[22m[2m | [22m[31m13 failed[39m[2m)[22m[90m 30[2mms[22m[39m
[31m   [31m├ù[31m Flow Control Parsers[2m > [22m_parseThrowStatement[2m > [22mshould parse throw with new Error[90m 11[2mms[22m[31m[39m
[31m     ÔåÆ Cannot read properties of null (reading 'type')[39m
[31m   [31m├ù[31m Flow Control Parsers[2m > [22m_parseThrowStatement[2m > [22mshould parse throw with string[90m 1[2mms[22m[31m[39m
[31m     ÔåÆ Cannot read properties of null (reading 'type')[39m
[31m   [31m├ù[31m Flow Control Parsers[2m > [22m_parseThrowStatement[2m > [22mshould parse throw with variable[90m 1[2mms[22m[31m[39m
[31m     ÔåÆ Cannot read properties of null (reading 'type')[39m
[31m   [31m├ù[31m Flow Control Parsers[2m > [22m_parseBreakStatement[2m > [22mshould parse break without label[90m 1[2mms[22m[31m[39m
[31m     ÔåÆ Cannot read properties of null (reading 'type')[39m
[31m   [31m├ù[31m Flow Control Parsers[2m > [22m_parseBreakStatement[2m > [22mshould parse break with label[90m 1[2mms[22m[31m[39m
[31m     ÔåÆ Cannot read properties of null (reading 'type')[39m
[31m   [31m├ù[31m Flow Control Parsers[2m > [22m_parseContinueStatement[2m > [22mshould parse continue without label[90m 1[2mms[22m[31m[39m
[31m     ÔåÆ Cannot read properties of null (reading 'type')[39m
[31m   [31m├ù[31m Flow Control Parsers[2m > [22m_parseContinueStatement[2m > [22mshould parse continue with label[90m 1[2mms[22m[31m[39m
[31m     ÔåÆ Cannot read properties of null (reading 'type')[39m
[31m   [31m├ù[31m Flow Control Parsers[2m > [22mlocation tracking[2m > [22mshould track throw statement location[90m 1[2mms[22m[31m[39m
[31m     ÔåÆ Cannot read properties of null (reading 'type')[39m
[31m   [31m├ù[31m Flow Control Parsers[2m > [22mlocation tracking[2m > [22mshould track break statement location[90m 1[2mms[22m[31m[39m
[31m     ÔåÆ Cannot read properties of null (reading 'type')[39m
[31m   [31m├ù[31m Flow Control Parsers[2m > [22mlocation tracking[2m > [22mshould track continue statement location[90m 1[2mms[22m[31m[39m
[31m     ÔåÆ Cannot read properties of null (reading 'type')[39m
[31m   [31m├ù[31m Flow Control Parsers[2m > [22medge cases[2m > [22mshould handle break in switch[90m 2[2mms[22m[31m[39m
[31m     ÔåÆ Cannot read properties of null (reading 'type')[39m
[31m   [31m├ù[31m Flow Control Parsers[2m > [22medge cases[2m > [22mshould handle continue in loop[90m 2[2mms[22m[31m[39m
[31m     ÔåÆ Cannot read properties of null (reading 'type')[39m
[31m   [31m├ù[31m Flow Control Parsers[2m > [22medge cases[2m > [22mshould handle labeled statements[90m 1[2mms[22m[31m[39m
[31m     ÔåÆ Cannot read properties of null (reading 'type')[39m
 [31mÔØ»[39m src/parser/prototype/__tests__/parse-switch-statement.test.ts [2m([22m[2m12 tests[22m[2m | [22m[31m12 failed[39m[2m)[22m[90m 27[2mms[22m[39m
[31m   [31m├ù[31m _parseSwitchStatement[2m > [22mbasic switch statements[2m > [22mshould parse switch with single case[90m 12[2mms[22m[31m[39m
[31m     ÔåÆ Cannot read properties of null (reading 'type')[39m
[31m   [31m├ù[31m _parseSwitchStatement[2m > [22mbasic switch statements[2m > [22mshould parse switch with multiple cases[90m 1[2mms[22m[31m[39m
[31m     ÔåÆ Cannot read properties of null (reading 'type')[39m
[31m   [31m├ù[31m _parseSwitchStatement[2m > [22mbasic switch statements[2m > [22mshould parse switch with default case[90m 1[2mms[22m[31m[39m
[31m     ÔåÆ Cannot read properties of null (reading 'type')[39m
[31m   [31m├ù[31m _parseSwitchStatement[2m > [22mfall-through cases[2m > [22mshould parse fall-through without break[90m 1[2mms[22m[31m[39m
[31m     ÔåÆ Cannot read properties of null (reading 'type')[39m
[31m   [31m├ù[31m _parseSwitchStatement[2m > [22mcase statements[2m > [22mshould parse case with multiple statements[90m 1[2mms[22m[31m[39m
[31m     ÔåÆ Cannot read properties of null (reading 'type')[39m
[31m   [31m├ù[31m _parseSwitchStatement[2m > [22mcase statements[2m > [22mshould parse case with no statements[90m 1[2mms[22m[31m[39m
[31m     ÔåÆ Cannot read properties of null (reading 'type')[39m
[31m   [31m├ù[31m _parseSwitchStatement[2m > [22mdefault case[2m > [22mshould parse default at beginning[90m 1[2mms[22m[31m[39m
[31m     ÔåÆ Cannot read properties of null (reading 'type')[39m
[31m   [31m├ù[31m _parseSwitchStatement[2m > [22mdefault case[2m > [22mshould parse default in middle[90m 1[2mms[22m[31m[39m
[31m     ÔåÆ Cannot read properties of null (reading 'type')[39m
[31m   [31m├ù[31m _parseSwitchStatement[2m > [22mlocation tracking[2m > [22mshould track switch statement location[90m 1[2mms[22m[31m[39m
[31m     ÔåÆ Cannot read properties of null (reading 'type')[39m
[31m   [31m├ù[31m _parseSwitchStatement[2m > [22medge cases[2m > [22mshould parse empty switch[90m 1[2mms[22m[31m[39m
[31m     ÔåÆ Cannot read properties of null (reading 'type')[39m
[31m   [31m├ù[31m _parseSwitchStatement[2m > [22medge cases[2m > [22mshould parse switch with only default[90m 1[2mms[22m[31m[39m
[31m     ÔåÆ Cannot read properties of null (reading 'type')[39m
[31m   [31m├ù[31m _parseSwitchStatement[2m > [22medge cases[2m > [22mshould parse nested switch[90m 1[2mms[22m[31m[39m
[31m     ÔåÆ Cannot read properties of null (reading 'type')[39m
 [32mÔ£ô[39m src/parser/prototype/__tests__/parse-type-exports.test.ts [2m([22m[2m8 tests[22m[2m)[22m[90m 27[2mms[22m[39m
 [32mÔ£ô[39m src/parser/prototype/__tests__/parse-object-destructuring.test.ts [2m([22m[2m7 tests[22m[2m)[22m[90m 17[2mms[22m[39m
 [31mÔØ»[39m src/parser/__tests__/integration/real-world-advanced.test.ts [2m([22m[2m9 tests[22m[2m | [22m[31m9 failed[39m[2m)[22m[90m 32[2mms[22m[39m
[31m   [31m├ù[31m Real-World Advanced Features Integration[2m > [22mdecorators in classes[2m > [22mshould parse class with multiple decorators[90m 17[2mms[22m[31m[39m
[31m     ÔåÆ Cannot read properties of undefined (reading 'length')[39m
[31m   [31m├ù[31m Real-World Advanced Features Integration[2m > [22mdecorators in classes[2m > [22mshould parse method decorators[90m 2[2mms[22m[31m[39m
[31m     ÔåÆ Cannot read properties of undefined (reading 'length')[39m
[31m   [31m├ù[31m Real-World Advanced Features Integration[2m > [22mgenerator functions[2m > [22mshould parse generator function with yield[90m 2[2mms[22m[31m[39m
[31m     ÔåÆ Cannot read properties of undefined (reading 'length')[39m
[31m   [31m├ù[31m Real-World Advanced Features Integration[2m > [22mgenerator functions[2m > [22mshould parse generator with yield*[90m 1[2mms[22m[31m[39m
[31m     ÔåÆ Cannot read properties of undefined (reading 'length')[39m
[31m   [31m├ù[31m Real-World Advanced Features Integration[2m > [22masync/await patterns[2m > [22mshould parse async function with await[90m 2[2mms[22m[31m[39m
[31m     ÔåÆ Cannot read properties of undefined (reading 'length')[39m
[31m   [31m├ù[31m Real-World Advanced Features Integration[2m > [22masync/await patterns[2m > [22mshould parse async arrow function[90m 1[2mms[22m[31m[39m
[31m     ÔåÆ Cannot read properties of undefined (reading 'length')[39m
[31m   [31m├ù[31m Real-World Advanced Features Integration[2m > [22masync/await patterns[2m > [22mshould parse async method in class[90m 1[2mms[22m[31m[39m
[31m     ÔåÆ Cannot read properties of undefined (reading 'length')[39m
[31m   [31m├ù[31m Real-World Advanced Features Integration[2m > [22mcombined patterns[2m > [22mshould parse decorated async method[90m 1[2mms[22m[31m[39m
[31m     ÔåÆ Cannot read properties of undefined (reading 'length')[39m
[31m   [31m├ù[31m Real-World Advanced Features Integration[2m > [22mcombined patterns[2m > [22mshould parse async generator[90m 1[2mms[22m[31m[39m
[31m     ÔåÆ Cannot read properties of undefined (reading 'length')[39m
 [32mÔ£ô[39m src/__tests__/default-import-e2e.test.ts [2m([22m[2m5 tests[22m[2m)[22m[90m 21[2mms[22m[39m
 [32mÔ£ô[39m src/parser/prototype/__tests__/parse-decorator.test.ts [2m([22m[2m8 tests[22m[2m)[22m[90m 16[2mms[22m[39m
 [31mÔØ»[39m src/parser/prototype/__tests__/parse-try-statement.test.ts [2m([22m[2m10 tests[22m[2m | [22m[31m10 failed[39m[2m)[22m[90m 26[2mms[22m[39m
[31m   [31m├ù[31m _parseTryStatement[2m > [22mbasic try-catch[2m > [22mshould parse try-catch block[90m 12[2mms[22m[31m[39m
[31m     ÔåÆ Cannot read properties of null (reading 'type')[39m
[31m   [31m├ù[31m _parseTryStatement[2m > [22mbasic try-catch[2m > [22mshould parse catch with parameter[90m 1[2mms[22m[31m[39m
[31m     ÔåÆ Cannot read properties of null (reading 'type')[39m
[31m   [31m├ù[31m _parseTryStatement[2m > [22mtry-finally[2m > [22mshould parse try-finally without catch[90m 1[2mms[22m[31m[39m
[31m     ÔåÆ Cannot read properties of null (reading 'type')[39m
[31m   [31m├ù[31m _parseTryStatement[2m > [22mtry-catch-finally[2m > [22mshould parse complete try-catch-finally[90m 1[2mms[22m[31m[39m
[31m     ÔåÆ Cannot read properties of null (reading 'type')[39m
[31m   [31m├ù[31m _parseTryStatement[2m > [22mmodern TypeScript - optional catch parameter[2m > [22mshould parse catch without parameter[90m 1[2mms[22m[31m[39m
[31m     ÔåÆ Cannot read properties of null (reading 'type')[39m
[31m   [31m├ù[31m _parseTryStatement[2m > [22mnested try blocks[2m > [22mshould parse nested try-catch[90m 1[2mms[22m[31m[39m
[31m     ÔåÆ Cannot read properties of null (reading 'type')[39m
[31m   [31m├ù[31m _parseTryStatement[2m > [22mlocation tracking[2m > [22mshould track try statement location[90m 1[2mms[22m[31m[39m
[31m     ÔåÆ Cannot read properties of null (reading 'type')[39m
[31m   [31m├ù[31m _parseTryStatement[2m > [22medge cases[2m > [22mshould parse empty try block[90m 1[2mms[22m[31m[39m
[31m     ÔåÆ Cannot read properties of null (reading 'type')[39m
[31m   [31m├ù[31m _parseTryStatement[2m > [22medge cases[2m > [22mshould parse empty catch block[90m 1[2mms[22m[31m[39m
[31m     ÔåÆ Cannot read properties of null (reading 'type')[39m
[31m   [31m├ù[31m _parseTryStatement[2m > [22medge cases[2m > [22mshould parse empty finally block[90m 1[2mms[22m[31m[39m
[31m     ÔåÆ Cannot read properties of null (reading 'type')[39m
 [32mÔ£ô[39m src/emitter/__tests__/emit-mixed-imports.test.ts [2m([22m[2m5 tests[22m[2m)[22m[90m 11[2mms[22m[39m
 [31mÔØ»[39m src/parser/prototype/__tests__/parse-await-expression.test.ts [2m([22m[2m7 tests[22m[2m | [22m[31m7 failed[39m[2m)[22m[90m 26[2mms[22m[39m
[31m   [31m├ù[31m Await Expression Parsing[2m > [22mbasic await[2m > [22mshould parse await with identifier[90m 15[2mms[22m[31m[39m
[31m     ÔåÆ Cannot read properties of undefined (reading 'type')[39m
[31m   [31m├ù[31m Await Expression Parsing[2m > [22mbasic await[2m > [22mshould parse await with call expression[90m 2[2mms[22m[31m[39m
[31m     ÔåÆ Cannot read properties of undefined (reading 'type')[39m
[31m   [31m├ù[31m Await Expression Parsing[2m > [22mbasic await[2m > [22mshould parse await with string literal[90m 1[2mms[22m[31m[39m
[31m     ÔåÆ Cannot read properties of undefined (reading 'argument')[39m
[31m   [31m├ù[31m Await Expression Parsing[2m > [22mlocation tracking[2m > [22mshould track await location[90m 1[2mms[22m[31m[39m
[31m     ÔåÆ Cannot read properties of undefined (reading 'location')[39m
[31m   [31m├ù[31m Await Expression Parsing[2m > [22mlocation tracking[2m > [22mshould track await with call location[90m 1[2mms[22m[31m[39m
[31m     ÔåÆ Cannot read properties of undefined (reading 'location')[39m
[31m   [31m├ù[31m Await Expression Parsing[2m > [22medge cases[2m > [22mshould handle await with complex call[90m 1[2mms[22m[31m[39m
[31m     ÔåÆ Cannot read properties of undefined (reading 'argument')[39m
[31m   [31m├ù[31m Await Expression Parsing[2m > [22medge cases[2m > [22mshould handle await with number literal[90m 1[2mms[22m[31m[39m
[31m     ÔåÆ Cannot read properties of undefined (reading 'argument')[39m
 [31mÔØ»[39m src/__tests__/export-e2e.test.ts [2m([22m[2m6 tests[22m[2m | [22m[31m1 failed[39m[2m)[22m[90m 39[2mms[22m[39m
[31m   [31m├ù[31m Export System E2E[2m > [22mdefault export[2m > [22mshould handle default export[90m 21[2mms[22m[31m[39m
[31m     ÔåÆ expected false to be true // Object.is equality[39m
 [32mÔ£ô[39m src/parser/__tests__/parse-mixed-imports.test.ts [2m([22m[2m5 tests[22m[2m)[22m[90m 17[2mms[22m[39m
 [32mÔ£ô[39m src/parser/__tests__/parse-import-aliases.test.ts [2m([22m[2m6 tests[22m[2m)[22m[90m 22[2mms[22m[39m
 [32mÔ£ô[39m src/__tests__/mixed-import-e2e.test.ts [2m([22m[2m6 tests[22m[2m)[22m[90m 19[2mms[22m[39m
 [32mÔ£ô[39m src/parser/prototype/__tests__/parse-type-imports.test.ts [2m([22m[2m6 tests[22m[2m)[22m[90m 17[2mms[22m[39m
 [32mÔ£ô[39m src/analyzer/__tests__/analyze-mixed-imports.test.ts [2m([22m[2m4 tests[22m[2m)[22m[90m 16[2mms[22m[39m
 [31mÔØ»[39m src/emitter/prototype/__tests__/emit-export.test.ts [2m([22m[2m8 tests[22m[2m | [22m[31m1 failed[39m[2m)[22m[90m 33[2mms[22m[39m
[31m   [31m├ù[31m Emitter: _emitExport[2m > [22mdefault export[2m > [22mshould emit default export[90m 18[2mms[22m[31m[39m
[31m     ÔåÆ expected 'Component' to contain 'export default;'[39m
 [31mÔØ»[39m src/analyzer/prototype/__tests__/analyze-export.test.ts [2m([22m[2m7 tests[22m[2m | [22m[31m1 failed[39m[2m)[22m[90m 33[2mms[22m[39m
[31m   [31m├ù[31m analyzeExport[2m > [22mdefault exports[2m > [22mshould track default export[90m 19[2mms[22m[31m[39m
[31m     ÔåÆ expected false to be true // Object.is equality[39m
 [31mÔØ»[39m src/parser/__tests__/integration/real-world-control-flow.test.ts [2m([22m[2m4 tests[22m[2m | [22m[31m4 failed[39m[2m)[22m[90m 24[2mms[22m[39m
[31m   [31m├ù[31m Real-World Control Flow Integration[2m > [22mshould parse try-catch error handling pattern[90m 15[2mms[22m[31m[39m
[31m     ÔåÆ Cannot read properties of undefined (reading 'length')[39m
[31m   [31m├ù[31m Real-World Control Flow Integration[2m > [22mshould parse switch statement routing pattern[90m 2[2mms[22m[31m[39m
[31m     ÔåÆ Cannot read properties of undefined (reading 'length')[39m
[31m   [31m├ù[31m Real-World Control Flow Integration[2m > [22mshould parse complex loop with break/continue[90m 2[2mms[22m[31m[39m
[31m     ÔåÆ Cannot read properties of undefined (reading 'length')[39m
[31m   [31m├ù[31m Real-World Control Flow Integration[2m > [22mshould parse labeled break in nested loops[90m 2[2mms[22m[31m[39m
[31m     ÔåÆ Cannot read properties of undefined (reading 'length')[39m
 [32mÔ£ô[39m src/__tests__/import-aliases-e2e.test.ts [2m([22m[2m5 tests[22m[2m)[22m[90m 15[2mms[22m[39m
 [31mÔØ»[39m src/emitter/__tests__/debug-export-all.test.ts [2m([22m[2m0 test[22m[2m)[22m
 [31mÔØ»[39m src/parser/__tests__/integration/real-world-namespace.test.ts [2m([22m[2m3 tests[22m[2m | [22m[31m3 failed[39m[2m)[22m[90m 20[2mms[22m[39m
[31m   [31m├ù[31m Real-World Namespace Integration[2m > [22mshould parse utility namespace[90m 14[2mms[22m[31m[39m
[31m     ÔåÆ Cannot read properties of undefined (reading 'length')[39m
[31m   [31m├ù[31m Real-World Namespace Integration[2m > [22mshould parse nested namespace structure[90m 2[2mms[22m[31m[39m
[31m     ÔåÆ Cannot read properties of undefined (reading 'length')[39m
[31m   [31m├ù[31m Real-World Namespace Integration[2m > [22mshould parse module declaration (legacy syntax)[90m 2[2mms[22m[31m[39m
[31m     ÔåÆ Cannot read properties of undefined (reading 'length')[39m
 [31mÔØ»[39m src/parser/__tests__/integration/real-world-enum.test.ts [2m([22m[2m3 tests[22m[2m | [22m[31m3 failed[39m[2m)[22m[90m 20[2mms[22m[39m
[31m   [31m├ù[31m Real-World Enum Integration[2m > [22mshould parse HttpStatus enum from real code[90m 14[2mms[22m[31m[39m
[31m     ÔåÆ Cannot read properties of undefined (reading 'length')[39m
[31m   [31m├ù[31m Real-World Enum Integration[2m > [22mshould parse string enum from real code[90m 2[2mms[22m[31m[39m
[31m     ÔåÆ Cannot read properties of undefined (reading 'length')[39m
[31m   [31m├ù[31m Real-World Enum Integration[2m > [22mshould parse const enum for optimization[90m 1[2mms[22m[31m[39m
[31m     ÔåÆ Cannot read properties of undefined (reading 'length')[39m
