
> @pulsar-framework/transformer@1.0.0-alpha.1 test C:\Users\Piana Tadeo\source\repos\visual-schema-builder\packages\pulsar-transformer
> vitest run "pipeline"


[1m[7m[36m RUN [39m[27m[22m [36mv2.1.9 [39m[90mC:/Users/Piana Tadeo/source/repos/visual-schema-builder/packages/pulsar-transformer[39m

[90mstdout[2m | src/pipeline/__tests__/pipeline.test.ts[2m > [22m[2mPipeline Integration[2m > [22m[2msimple component transformation[2m > [22m[2mshould transform basic component
[22m[39mReturnStatementIR: {
  "type": "ReturnStatementIR",
  "argument": {
    "type": "ElementIR",
    "tagName": "div",
    "attributes": [],
    "children": [],
    "selfClosing": false,
    "isStatic": true,
    "eventHandlers": [],
    "signalBindings": [],
    "metadata": {
      "sourceLocation": {
        "line": 3,
        "column": 18,
        "offset": 48
      },
      "optimizations": {
        "isStatic": true,
        "canInline": true
      }
    }
  },
  "metadata": {
    "sourceLocation": {
      "line": 3,
      "column": 11,
      "offset": 41
    }
  }
}
Diagnostics: [
  {
    type: [32m'info'[39m,
    message: [32m'Lexer: 17 tokens generated'[39m,
    phase: [32m'lexer'[39m
  },
  {
    type: [32m'info'[39m,
    message: [32m'Parser: AST with 1 nodes'[39m,
    phase: [32m'parser'[39m
  },
  {
    type: [32m'info'[39m,
    message: [32m'Analyzer: IR generated'[39m,
    phase: [32m'analyzer'[39m
  },
  {
    type: [32m'info'[39m,
    message: [32m'Transform: IR pass-through (optimization pending)'[39m,
    phase: [32m'transform'[39m
  },
  {
    type: [32m'info'[39m,
    message: [32m'Emitter: Received IR type ComponentIR'[39m,
    phase: [32m'emitter'[39m
  },
  {
    type: [32m'info'[39m,
    message: [32m'Emitter: 7 lines generated'[39m,
    phase: [32m'emitter'[39m
  }
]
Generated code: import { $REGISTRY } from '@pulsar/runtime/registry';

export function Counter(): HTMLElement {
  return $REGISTRY.execute('component:Counter', () => {
    return;
  });
}

[90mstdout[2m | src/pipeline/__tests__/pipeline.test.ts[2m > [22m[2mPipeline Integration[2m > [22m[2mdebug mode[2m > [22m[2mshould provide diagnostics in debug mode
[22m[39mReturnStatementIR: {
  "type": "ReturnStatementIR",
  "argument": {
    "type": "ElementIR",
    "tagName": "div",
    "attributes": [],
    "children": [],
    "selfClosing": false,
    "isStatic": true,
    "eventHandlers": [],
    "signalBindings": [],
    "metadata": {
      "sourceLocation": {
        "line": 3,
        "column": 18,
        "offset": 45
      },
      "optimizations": {
        "isStatic": true,
        "canInline": true
      }
    }
  },
  "metadata": {
    "sourceLocation": {
      "line": 3,
      "column": 11,
      "offset": 38
    }
  }
}

[90mstdout[2m | src/pipeline/__tests__/pipeline.test.ts[2m > [22m[2mPipeline Integration[2m > [22m[2mdebug mode[2m > [22m[2mshould provide metrics in debug mode
[22m[39mReturnStatementIR: {
  "type": "ReturnStatementIR",
  "argument": {
    "type": "ElementIR",
    "tagName": "div",
    "attributes": [],
    "children": [],
    "selfClosing": false,
    "isStatic": true,
    "eventHandlers": [],
    "signalBindings": [],
    "metadata": {
      "sourceLocation": {
        "line": 3,
        "column": 18,
        "offset": 45
      },
      "optimizations": {
        "isStatic": true,
        "canInline": true
      }
    }
  },
  "metadata": {
    "sourceLocation": {
      "line": 3,
      "column": 11,
      "offset": 38
    }
  }
}

[90mstdout[2m | src/pipeline/__tests__/pipeline.test.ts[2m > [22m[2mPipeline Integration[2m > [22m[2mconfiguration[2m > [22m[2mshould use custom emitter config
[22m[39mReturnStatementIR: {
  "type": "ReturnStatementIR",
  "argument": {
    "type": "ElementIR",
    "tagName": "div",
    "attributes": [],
    "children": [],
    "selfClosing": false,
    "isStatic": true,
    "eventHandlers": [],
    "signalBindings": [],
    "metadata": {
      "sourceLocation": {
        "line": 3,
        "column": 18,
        "offset": 45
      },
      "optimizations": {
        "isStatic": true,
        "canInline": true
      }
    }
  },
  "metadata": {
    "sourceLocation": {
      "line": 3,
      "column": 11,
      "offset": 38
    }
  }
}

 [31mÔØ»[39m src/pipeline/__tests__/pipeline.test.ts [2m([22m[2m12 tests[22m[2m | [22m[31m6 failed[39m[2m)[22m[90m 42[2mms[22m[39m
[31m   [31m├ù[31m Pipeline Integration[2m > [22msimple component transformation[2m > [22mshould transform basic component[90m 16[2mms[22m[31m[39m
[31m     ÔåÆ expected 'import { $REGISTRY } from \'@pulsar/rÔÇª' to contain 't_element(\'div\''[39m
[31m   [31m├ù[31m Pipeline Integration[2m > [22msimple component transformation[2m > [22mshould transform component with parameters[90m 3[2mms[22m[31m[39m
[31m     ÔåÆ expected '' to contain 'function Greeting'[39m
[31m   [31m├ù[31m Pipeline Integration[2m > [22msignal transformation[2m > [22mshould transform component with signal[90m 2[2mms[22m[31m[39m
[31m     ÔåÆ expected '' to contain 'createSignal'[39m
[31m   [31m├ù[31m Pipeline Integration[2m > [22msignal transformation[2m > [22mshould handle multiple signals[90m 3[2mms[22m[31m[39m
[31m     ÔåÆ expected '' to contain 'createSignal'[39m
[31m   [31m├ù[31m Pipeline Integration[2m > [22mimports generation[2m > [22mshould generate required imports[90m 2[2mms[22m[31m[39m
[31m     ÔåÆ expected '' to contain 'import { $REGISTRY } from \'@pulsar/rÔÇª'[39m
[31m   [31m├ù[31m Pipeline Integration[2m > [22mimports generation[2m > [22mshould deduplicate imports[90m 5[2mms[22m[31m[39m
[31m     ÔåÆ expected +0 to be 1 // Object.is equality[39m
[90mstdout[2m | src/pipeline/__tests__/pipeline.test.ts[2m > [22m[2mPipeline Integration[2m > [22m[2mconfiguration[2m > [22m[2mshould merge per-transform config
[22m[39mReturnStatementIR: {
  "type": "ReturnStatementIR",
  "argument": {
    "type": "ElementIR",
    "tagName": "div",
    "attributes": [],
    "children": [],
    "selfClosing": false,
    "isStatic": true,
    "eventHandlers": [],
    "signalBindings": [],
    "metadata": {
      "sourceLocation": {
        "line": 3,
        "column": 18,
        "offset": 45
      },
      "optimizations": {
        "isStatic": true,
        "canInline": true
      }
    }
  },
  "metadata": {
    "sourceLocation": {
      "line": 3,
      "column": 11,
      "offset": 38
    }
  }
}


node.exe : [31mÔÄ»ÔÄ»ÔÄ»ÔÄ»ÔÄ»ÔÄ»ÔÄ»[1m[7m Failed Tests 6 [27m[22mÔÄ»ÔÄ»ÔÄ»ÔÄ»ÔÄ»ÔÄ»ÔÄ»[39m
Au caractère C:\nvm4w\nodejs\pnpm.ps1:16 : 5
+     & "$basedir/node$exe"  "$basedir/node_modules/corepack/dist/pnpm. ...
+     ~~~~~~~~~~~~~~~~~~~~~~~~~~~~~~~~~~~~~~~~~~~~~~~~~~~~~~~~~~~~~~~~~
    + CategoryInfo          : NotSpecified: ([31mÔÄ»ÔÄ»ÔÄ»Ô...»ÔÄ»ÔÄ»ÔÄ»[39m:String) [], RemoteException
    + FullyQualifiedErrorId : NativeCommandError
 

[31m[1m[7m FAIL [27m[22m[39m src/pipeline/__tests__/pipeline.test.ts[2m > [22mPipeline Integration[2m > 
[22msimple component transformation[2m > [22mshould transform basic component
[31m[1mAssertionError[22m: expected 'import { $REGISTRY } from \'@pulsar/rÔÇª' to contain 't_element(\'div\''[39m

[32m- Expected[39m
[31m+ Received[39m

[32m- t_element('div'[39m
[31m+ import { $REGISTRY } from '@pulsar/runtime/registry';[39m
[31m+[39m
[31m+ export function Counter(): HTMLElement {[39m
[31m+   return $REGISTRY.execute('component:Counter', () => {[39m
[31m+     return;[39m
[31m+   });[39m
[31m+ }[39m

[36m [2mÔØ»[22m src/pipeline/__tests__/pipeline.test.ts:[2m28:27[22m[39m
    [90m 26| [39m      [34mexpect[39m(result[33m.[39mcode)[33m.[39m[34mtoContain[39m([32m'function 
Counter'[39m)[33m;[39m
    [90m 27| [39m      
[34mexpect[39m(result[33m.[39mcode)[33m.[39m[34mtoContain[39m([32m'$REGISTRY.execute'[39m)[33m;[39m
    [90m 28| [39m      
[34mexpect[39m(result[33m.[39mcode)[33m.[39m[34mtoContain[39m([32m"t_element('div'"[39m)[33m;[39m
    [90m   | [39m                          [31m^[39m
    [90m 29| [39m      [34mexpect[39m(result[33m.[39mdiagnostics[33m.[39m[34mfilter[39m((d) [33m=>[39m 
d[33m.[39mtype [33m===[39m [32m'error'[39m))[33m.[39m[34mtoH[39mÔÇª
    [90m 30| [39m    })[33m;[39m

[31m[2mÔÄ»ÔÄ»ÔÄ»ÔÄ»ÔÄ»ÔÄ»ÔÄ»ÔÄ»ÔÄ»ÔÄ»ÔÄ»ÔÄ»ÔÄ»ÔÄ»ÔÄ»ÔÄ»ÔÄ»ÔÄ»ÔÄ»ÔÄ»ÔÄ»ÔÄ»ÔÄ»ÔÄ»[1/6]ÔÄ»[22m[39m

[31m[1m[7m FAIL [27m[22m[39m src/pipeline/__tests__/pipeline.test.ts[2m > [22mPipeline Integration[2m > 
[22msimple component transformation[2m > [22mshould transform component with parameters
[31m[1mAssertionError[22m: expected '' to contain 'function Greeting'[39m

[32m- Expected[39m
[31m+ Received[39m

[32m- function Greeting[39m

[36m [2mÔØ»[22m src/pipeline/__tests__/pipeline.test.ts:[2m42:27[22m[39m
    [90m 40| [39m      [35mconst[39m result [33m=[39m pipeline[33m.[39m[34mtransform[39m(source)[33m;[39m
    [90m 41| [39m
    [90m 42| [39m      [34mexpect[39m(result[33m.[39mcode)[33m.[39m[34mtoContain[39m([32m'function 
Greeting'[39m)[33m;[39m
    [90m   | [39m                          [31m^[39m
    [90m 43| [39m      [34mexpect[39m(result[33m.[39mcode)[33m.[39m[34mtoContain[39m([32m'name: 
string'[39m)[33m;[39m
    [90m 44| [39m      
[34mexpect[39m(result[33m.[39mdiagnostics)[33m.[39m[34mtoHaveLength[39m([34m0[39m)[33m;[39m

[31m[2mÔÄ»ÔÄ»ÔÄ»ÔÄ»ÔÄ»ÔÄ»ÔÄ»ÔÄ»ÔÄ»ÔÄ»ÔÄ»ÔÄ»ÔÄ»ÔÄ»ÔÄ»ÔÄ»ÔÄ»ÔÄ»ÔÄ»ÔÄ»ÔÄ»ÔÄ»ÔÄ»ÔÄ»[2/6]ÔÄ»[22m[39m

[31m[1m[7m FAIL [27m[22m[39m src/pipeline/__tests__/pipeline.test.ts[2m > [22mPipeline Integration[2m > 
[22msignal transformation[2m > [22mshould transform component with signal
[31m[1mAssertionError[22m: expected '' to contain 'createSignal'[39m

[32m- Expected[39m
[31m+ Received[39m

[32m- createSignal[39m

[36m [2mÔØ»[22m src/pipeline/__tests__/pipeline.test.ts:[2m60:27[22m[39m
    [90m 58| [39m      [35mconst[39m result [33m=[39m pipeline[33m.[39m[34mtransform[39m(source)[33m;[39m
    [90m 59| [39m
    [90m 60| [39m      
[34mexpect[39m(result[33m.[39mcode)[33m.[39m[34mtoContain[39m([32m'createSignal'[39m)[33m;[39m
    [90m   | [39m                          [31m^[39m
    [90m 61| [39m      [34mexpect[39m(result[33m.[39mcode)[33m.[39m[34mtoContain[39m([32m'[count, 
setCount]'[39m)[33m;[39m
    [90m 62| [39m      
[34mexpect[39m(result[33m.[39mdiagnostics)[33m.[39m[34mtoHaveLength[39m([34m0[39m)[33m;[39m

[31m[2mÔÄ»ÔÄ»ÔÄ»ÔÄ»ÔÄ»ÔÄ»ÔÄ»ÔÄ»ÔÄ»ÔÄ»ÔÄ»ÔÄ»ÔÄ»ÔÄ»ÔÄ»ÔÄ»ÔÄ»ÔÄ»ÔÄ»ÔÄ»ÔÄ»ÔÄ»ÔÄ»ÔÄ»[3/6]ÔÄ»[22m[39m

[31m[1m[7m FAIL [27m[22m[39m src/pipeline/__tests__/pipeline.test.ts[2m > [22mPipeline Integration[2m > 
[22msignal transformation[2m > [22mshould handle multiple signals
[31m[1mAssertionError[22m: expected '' to contain 'createSignal'[39m

[32m- Expected[39m
[31m+ Received[39m

[32m- createSignal[39m

[36m [2mÔØ»[22m src/pipeline/__tests__/pipeline.test.ts:[2m77:27[22m[39m
    [90m 75| [39m      [35mconst[39m result [33m=[39m pipeline[33m.[39m[34mtransform[39m(source)[33m;[39m
    [90m 76| [39m
    [90m 77| [39m      
[34mexpect[39m(result[33m.[39mcode)[33m.[39m[34mtoContain[39m([32m'createSignal'[39m)[33m;[39m
    [90m   | [39m                          [31m^[39m
    [90m 78| [39m      [35mconst[39m signalCount [33m=[39m 
(result[33m.[39mcode[33m.[39m[34mmatch[39m([36m/createSignal/g[39m) [33m||[39m [])[33m.[39mlÔÇª
    [90m 79| [39m      [34mexpect[39m(signalCount)[33m.[39m[34mtoBe[39m([34m2[39m)[33m;[39m

[31m[2mÔÄ»ÔÄ»ÔÄ»ÔÄ»ÔÄ»ÔÄ»ÔÄ»ÔÄ»ÔÄ»ÔÄ»ÔÄ»ÔÄ»ÔÄ»ÔÄ»ÔÄ»ÔÄ»ÔÄ»ÔÄ»ÔÄ»ÔÄ»ÔÄ»ÔÄ»ÔÄ»ÔÄ»[4/6]ÔÄ»[22m[39m

[31m[1m[7m FAIL [27m[22m[39m src/pipeline/__tests__/pipeline.test.ts[2m > [22mPipeline Integration[2m > 
[22mimports generation[2m > [22mshould generate required imports
[31m[1mAssertionError[22m: expected '' to contain 'import { $REGISTRY } from \'@pulsar/rÔÇª'[39m

[32m- Expected[39m
[31m+ Received[39m

[32m- import { $REGISTRY } from '@pulsar/runtime/registry'[39m

[36m [2mÔØ»[22m src/pipeline/__tests__/pipeline.test.ts:[2m95:27[22m[39m
    [90m 93| [39m      [35mconst[39m result [33m=[39m pipeline[33m.[39m[34mtransform[39m(source)[33m;[39m
    [90m 94| [39m
    [90m 95| [39m      [34mexpect[39m(result[33m.[39mcode)[33m.[39m[34mtoContain[39m([32m"import { $REGISTRY } 
from '@pulsa[39mÔÇª
    [90m   | [39m                          [31m^[39m
    [90m 96| [39m      [34mexpect[39m(result[33m.[39mcode)[33m.[39m[34mtoContain[39m([32m"import { createSignal 
} from '@pu[39mÔÇª
    [90m 97| [39m      [34mexpect[39m(result[33m.[39mcode)[33m.[39m[34mtoContain[39m([32m"import { t_element } 
from '@pulsa[39mÔÇª

[31m[2mÔÄ»ÔÄ»ÔÄ»ÔÄ»ÔÄ»ÔÄ»ÔÄ»ÔÄ»ÔÄ»ÔÄ»ÔÄ»ÔÄ»ÔÄ»ÔÄ»ÔÄ»ÔÄ»ÔÄ»ÔÄ»ÔÄ»ÔÄ»ÔÄ»ÔÄ»ÔÄ»ÔÄ»[5/6]ÔÄ»[22m[39m

[31m[1m[7m FAIL [27m[22m[39m src/pipeline/__tests__/pipeline.test.ts[2m > [22mPipeline Integration[2m > 
[22mimports generation[2m > [22mshould deduplicate imports
[31m[1mAssertionError[22m: expected +0 to be 1 // Object.is equality[39m

[32m- Expected[39m
[31m+ Received[39m

[32m- 1[39m
[31m+ 0[39m

[36m [2mÔØ»[22m src/pipeline/__tests__/pipeline.test.ts:[2m113:33[22m[39m
    [90m111| [39m
    [90m112| [39m      [35mconst[39m signalImportCount [33m=[39m 
(result[33m.[39mcode[33m.[39m[34mmatch[39m([36m/import.*createSign[39mÔÇª
    [90m113| [39m      [34mexpect[39m(signalImportCount)[33m.[39m[34mtoBe[39m([34m1[39m)[33m;[39m
    [90m   | [39m                                [31m^[39m
    [90m114| [39m
    [90m115| [39m      [35mconst[39m elementImportCount [33m=[39m 
(result[33m.[39mcode[33m.[39m[34mmatch[39m([36m/import.*t_element[39mÔÇª

[31m[2mÔÄ»ÔÄ»ÔÄ»ÔÄ»ÔÄ»ÔÄ»ÔÄ»ÔÄ»ÔÄ»ÔÄ»ÔÄ»ÔÄ»ÔÄ»ÔÄ»ÔÄ»ÔÄ»ÔÄ»ÔÄ»ÔÄ»ÔÄ»ÔÄ»ÔÄ»ÔÄ»ÔÄ»[6/6]ÔÄ»[22m[39m

[2m Test Files [22m [1m[31m1 failed[39m[22m[90m (1)[39m
[2m      Tests [22m [1m[31m6 failed[39m[22m[2m | [22m[1m[32m6 passed[39m[22m[90m (12)[39m
[2m   Start at [22m 13:33:17
[2m   Duration [22m 1.64s[2m (transform 484ms, setup 0ms, collect 755ms, tests 42ms, environment 0ms, prepare 282ms)[22m

ÔÇëELIFECYCLEÔÇë Test failed. See above for more details.
